// Jest Snapshot v1, https://goo.gl/fbAQLP

exports[`components/viewHeader/viewHeaderActionsMenu return menu 1`] = `
<div>
  <div
    class="ModalWrapper"
  >
    <div
      aria-label="View header menu"
      class="MenuWrapper override menuOpened"
      role="button"
    >
      <button
        class="IconButton"
        type="button"
      >
        <i
          class="CompassIcon icon-dots-horizontal OptionsIcon"
        />
      </button>
    </div>
  </div>
</div>
`;

exports[`components/viewHeader/viewHeaderActionsMenu return menu and verify call to board archive 1`] = `
<div>
  <div
    class="ModalWrapper"
  >
    <div
      aria-label="View header menu"
      class="MenuWrapper override menuOpened"
      role="button"
    >
      <button
        class="IconButton"
        type="button"
      >
        <i
          class="CompassIcon icon-dots-horizontal OptionsIcon"
        />
      </button>
    </div>
  </div>
</div>
`;

exports[`components/viewHeader/viewHeaderActionsMenu return menu and verify call to csv exporter 1`] = `
<div>
  <div
    class="ModalWrapper"
  >
    <div
      aria-label="View header menu"
      class="MenuWrapper override menuOpened"
      role="button"
    >
      <button
        class="IconButton"
        type="button"
      >
        <i
          class="CompassIcon icon-dots-horizontal OptionsIcon"
        />
      </button>
    </div>
  </div>
</div>
`;
