// Jest Snapshot v1, https://goo.gl/fbAQLP

exports[`src/components/topBar should match snapshot for focalboardPlugin 1`] = `
<div>
  <div
    class="TopBar"
  />
</div>
`;

exports[`src/components/topBar should match snapshot for none focalboardPlugin 1`] = `
<div>
  <div
    class="TopBar"
  />
</div>
`;
